// Jest Snapshot v1, https://goo.gl/fbAQLP

exports[`vue/UICheckbox renders correctly - basic 1`] = `
"<div class=\\"ui-checkbox ui-checkbox--large\\">
  <!---->
  <div class=\\"ui-checkbox__wrapper\\"><label class=\\"ui-checkbox__wrapper__option\\"><input type=\\"checkbox\\" name=\\"test\\" tabindex=\\"0\\" class=\\"ui-checkbox__wrapper__option__checkbox\\" value=\\"option1\\"> <span classname=\\"ui-checkbox__wrapper__option__label\\"><strong>Option 1</strong></span></label><label class=\\"ui-checkbox__wrapper__option\\"><input type=\\"checkbox\\" name=\\"test\\" tabindex=\\"0\\" class=\\"ui-checkbox__wrapper__option__checkbox\\" value=\\"option2\\"> <span classname=\\"ui-checkbox__wrapper__option__label\\"><strong>Option 2</strong></span></label><label class=\\"ui-checkbox__wrapper__option\\"><input type=\\"checkbox\\" name=\\"test\\" tabindex=\\"0\\" class=\\"ui-checkbox__wrapper__option__checkbox\\" value=\\"option3\\"> <span classname=\\"ui-checkbox__wrapper__option__label\\"><strong>Option 3</strong></span></label><label class=\\"ui-checkbox__wrapper__option\\"><input type=\\"checkbox\\" name=\\"test\\" tabindex=\\"0\\" class=\\"ui-checkbox__wrapper__option__checkbox\\" value=\\"option4\\"> <span classname=\\"ui-checkbox__wrapper__option__label\\"><strong>Option 4</strong></span></label></div>
  <!---->
</div>"
`;

exports[`vue/UICheckbox renders correctly - disabled 1`] = `
"<div class=\\"ui-checkbox ui-checkbox--disabled\\">
  <!---->
  <div class=\\"ui-checkbox__wrapper\\"><label class=\\"ui-checkbox__wrapper__option\\"><input type=\\"checkbox\\" name=\\"test\\" tabindex=\\"-1\\" class=\\"ui-checkbox__wrapper__option__checkbox\\" value=\\"option1\\"> <span classname=\\"ui-checkbox__wrapper__option__label\\"><strong>Option 1</strong></span></label><label class=\\"ui-checkbox__wrapper__option\\"><input type=\\"checkbox\\" name=\\"test\\" tabindex=\\"-1\\" class=\\"ui-checkbox__wrapper__option__checkbox\\" value=\\"option2\\"> <span classname=\\"ui-checkbox__wrapper__option__label\\"><strong>Option 2</strong></span></label><label class=\\"ui-checkbox__wrapper__option\\"><input type=\\"checkbox\\" name=\\"test\\" tabindex=\\"-1\\" class=\\"ui-checkbox__wrapper__option__checkbox\\" value=\\"option3\\"> <span classname=\\"ui-checkbox__wrapper__option__label\\"><strong>Option 3</strong></span></label><label class=\\"ui-checkbox__wrapper__option\\"><input type=\\"checkbox\\" name=\\"test\\" tabindex=\\"-1\\" class=\\"ui-checkbox__wrapper__option__checkbox\\" value=\\"option4\\"> <span classname=\\"ui-checkbox__wrapper__option__label\\"><strong>Option 4</strong></span></label></div>
  <!---->
</div>"
`;

exports[`vue/UICheckbox renders correctly - with helper 1`] = `
"<div class=\\"ui-checkbox\\">
  <!---->
  <div class=\\"ui-checkbox__wrapper\\"><label class=\\"ui-checkbox__wrapper__option\\"><input type=\\"checkbox\\" name=\\"test\\" tabindex=\\"0\\" class=\\"ui-checkbox__wrapper__option__checkbox\\" value=\\"option1\\"> <span classname=\\"ui-checkbox__wrapper__option__label\\"><strong>Option 1</strong></span></label><label class=\\"ui-checkbox__wrapper__option\\"><input type=\\"checkbox\\" name=\\"test\\" tabindex=\\"0\\" class=\\"ui-checkbox__wrapper__option__checkbox\\" value=\\"option2\\"> <span classname=\\"ui-checkbox__wrapper__option__label\\"><strong>Option 2</strong></span></label><label class=\\"ui-checkbox__wrapper__option\\"><input type=\\"checkbox\\" name=\\"test\\" tabindex=\\"0\\" class=\\"ui-checkbox__wrapper__option__checkbox\\" value=\\"option3\\"> <span classname=\\"ui-checkbox__wrapper__option__label\\"><strong>Option 3</strong></span></label><label class=\\"ui-checkbox__wrapper__option\\"><input type=\\"checkbox\\" name=\\"test\\" tabindex=\\"0\\" class=\\"ui-checkbox__wrapper__option__checkbox\\" value=\\"option4\\"> <span classname=\\"ui-checkbox__wrapper__option__label\\"><strong>Option 4</strong></span></label></div> <span classname=\\"ui-checkbox__wrapper__helper\\">Test</span>
</div>"
`;

exports[`vue/UICheckbox renders correctly - with id 1`] = `
"<div id=\\"test\\" class=\\"ui-checkbox\\">
  <!---->
  <div class=\\"ui-checkbox__wrapper\\"><label class=\\"ui-checkbox__wrapper__option\\"><input type=\\"checkbox\\" name=\\"test\\" tabindex=\\"0\\" class=\\"ui-checkbox__wrapper__option__checkbox\\" value=\\"option1\\"> <span classname=\\"ui-checkbox__wrapper__option__label\\"><strong>Option 1</strong></span></label><label class=\\"ui-checkbox__wrapper__option\\"><input type=\\"checkbox\\" name=\\"test\\" tabindex=\\"0\\" class=\\"ui-checkbox__wrapper__option__checkbox\\" value=\\"option2\\"> <span classname=\\"ui-checkbox__wrapper__option__label\\"><strong>Option 2</strong></span></label><label class=\\"ui-checkbox__wrapper__option\\"><input type=\\"checkbox\\" name=\\"test\\" tabindex=\\"0\\" class=\\"ui-checkbox__wrapper__option__checkbox\\" value=\\"option3\\"> <span classname=\\"ui-checkbox__wrapper__option__label\\"><strong>Option 3</strong></span></label><label class=\\"ui-checkbox__wrapper__option\\"><input type=\\"checkbox\\" name=\\"test\\" tabindex=\\"0\\" class=\\"ui-checkbox__wrapper__option__checkbox\\" value=\\"option4\\"> <span classname=\\"ui-checkbox__wrapper__option__label\\"><strong>Option 4</strong></span></label></div>
  <!---->
</div>"
`;

exports[`vue/UICheckbox renders correctly - with label 1`] = `
"<div class=\\"ui-checkbox\\"><label for=\\"z8a8d7a5zad4\\" class=\\"ui-checkbox__label\\"><strong>Test</strong></label>
  <div class=\\"ui-checkbox__wrapper\\"><label class=\\"ui-checkbox__wrapper__option\\"><input type=\\"checkbox\\" name=\\"test\\" tabindex=\\"0\\" class=\\"ui-checkbox__wrapper__option__checkbox\\" value=\\"option1\\"> <span classname=\\"ui-checkbox__wrapper__option__label\\"><strong>Option 1</strong></span></label><label class=\\"ui-checkbox__wrapper__option\\"><input type=\\"checkbox\\" name=\\"test\\" tabindex=\\"0\\" class=\\"ui-checkbox__wrapper__option__checkbox\\" value=\\"option2\\"> <span classname=\\"ui-checkbox__wrapper__option__label\\"><strong>Option 2</strong></span></label><label class=\\"ui-checkbox__wrapper__option\\"><input type=\\"checkbox\\" name=\\"test\\" tabindex=\\"0\\" class=\\"ui-checkbox__wrapper__option__checkbox\\" value=\\"option3\\"> <span classname=\\"ui-checkbox__wrapper__option__label\\"><strong>Option 3</strong></span></label><label class=\\"ui-checkbox__wrapper__option\\"><input type=\\"checkbox\\" name=\\"test\\" tabindex=\\"0\\" class=\\"ui-checkbox__wrapper__option__checkbox\\" value=\\"option4\\"> <span classname=\\"ui-checkbox__wrapper__option__label\\"><strong>Option 4</strong></span></label></div>
  <!---->
</div>"
`;

exports[`vue/UICheckbox renders correctly - with listeners 1`] = `
"<div class=\\"ui-checkbox\\">
  <!---->
  <div class=\\"ui-checkbox__wrapper\\"><label class=\\"ui-checkbox__wrapper__option\\"><input type=\\"checkbox\\" name=\\"test\\" tabindex=\\"0\\" class=\\"ui-checkbox__wrapper__option__checkbox\\" value=\\"option1\\"> <span classname=\\"ui-checkbox__wrapper__option__label\\"><strong>Option 1</strong></span></label><label class=\\"ui-checkbox__wrapper__option\\"><input type=\\"checkbox\\" name=\\"test\\" tabindex=\\"0\\" class=\\"ui-checkbox__wrapper__option__checkbox\\" value=\\"option2\\"> <span classname=\\"ui-checkbox__wrapper__option__label\\"><strong>Option 2</strong></span></label><label class=\\"ui-checkbox__wrapper__option\\"><input type=\\"checkbox\\" name=\\"test\\" tabindex=\\"0\\" class=\\"ui-checkbox__wrapper__option__checkbox\\" value=\\"option3\\"> <span classname=\\"ui-checkbox__wrapper__option__label\\"><strong>Option 3</strong></span></label><label class=\\"ui-checkbox__wrapper__option\\"><input type=\\"checkbox\\" name=\\"test\\" tabindex=\\"0\\" class=\\"ui-checkbox__wrapper__option__checkbox\\" value=\\"option4\\"> <span classname=\\"ui-checkbox__wrapper__option__label\\"><strong>Option 4</strong></span></label></div>
  <!---->
</div>"
`;

exports[`vue/UICheckbox renders correctly - with option disabled 1`] = `
"<div class=\\"ui-checkbox\\">
  <!---->
  <div class=\\"ui-checkbox__wrapper\\"><label class=\\"ui-checkbox__wrapper__option ui-checkbox__wrapper__option--disabled\\"><input type=\\"checkbox\\" name=\\"test\\" disabled=\\"disabled\\" tabindex=\\"0\\" class=\\"ui-checkbox__wrapper__option__checkbox\\" value=\\"option5\\"> <span classname=\\"ui-checkbox__wrapper__option__label\\"><strong>Option 5</strong></span></label></div>
  <!---->
</div>"
`;

exports[`vue/UICheckbox renders correctly - with value 1`] = `
"<div class=\\"ui-checkbox\\">
  <!---->
  <div class=\\"ui-checkbox__wrapper\\"><label class=\\"ui-checkbox__wrapper__option\\"><input type=\\"checkbox\\" name=\\"test\\" tabindex=\\"0\\" class=\\"ui-checkbox__wrapper__option__checkbox\\" value=\\"option1\\"> <span classname=\\"ui-checkbox__wrapper__option__label\\"><strong>Option 1</strong></span></label><label class=\\"ui-checkbox__wrapper__option\\"><input type=\\"checkbox\\" name=\\"test\\" tabindex=\\"0\\" class=\\"ui-checkbox__wrapper__option__checkbox\\" value=\\"option2\\"> <span classname=\\"ui-checkbox__wrapper__option__label\\"><strong>Option 2</strong></span></label><label class=\\"ui-checkbox__wrapper__option\\"><input type=\\"checkbox\\" name=\\"test\\" tabindex=\\"0\\" class=\\"ui-checkbox__wrapper__option__checkbox\\" value=\\"option3\\"> <span classname=\\"ui-checkbox__wrapper__option__label\\"><strong>Option 3</strong></span></label><label class=\\"ui-checkbox__wrapper__option\\"><input type=\\"checkbox\\" name=\\"test\\" tabindex=\\"0\\" class=\\"ui-checkbox__wrapper__option__checkbox\\" value=\\"option4\\"> <span classname=\\"ui-checkbox__wrapper__option__label\\"><strong>Option 4</strong></span></label></div>
  <!---->
</div>"
`;
