// Jest Snapshot v1, https://goo.gl/fbAQLP

exports[`vue/UIRadio renders correctly - basic 1`] = `
"<div class=\\"ui-radio ui-radio--large\\">
  <!---->
  <div class=\\"ui-radio__wrapper\\"><label class=\\"ui-radio__wrapper__option ui-radio__wrapper__option--checked\\"><input name=\\"test\\" type=\\"radio\\" tabindex=\\"0\\" class=\\"ui-radio__wrapper__option__radio\\" value=\\"option1\\"> <span classname=\\"ui-radio__wrapper__option__label\\">Option 1</span></label><label class=\\"ui-radio__wrapper__option\\"><input name=\\"test\\" type=\\"radio\\" tabindex=\\"0\\" class=\\"ui-radio__wrapper__option__radio\\" value=\\"option2\\"> <span classname=\\"ui-radio__wrapper__option__label\\">Option 2</span></label><label class=\\"ui-radio__wrapper__option\\"><input name=\\"test\\" type=\\"radio\\" tabindex=\\"0\\" class=\\"ui-radio__wrapper__option__radio\\" value=\\"option3\\"> <span classname=\\"ui-radio__wrapper__option__label\\">Option 3</span></label><label class=\\"ui-radio__wrapper__option\\"><input name=\\"test\\" type=\\"radio\\" tabindex=\\"0\\" class=\\"ui-radio__wrapper__option__radio\\" value=\\"option4\\"> <span classname=\\"ui-radio__wrapper__option__label\\">Option 4</span></label></div>
  <!---->
</div>"
`;

exports[`vue/UIRadio renders correctly - disabled 1`] = `
"<div class=\\"ui-radio ui-radio--disabled\\">
  <!---->
  <div class=\\"ui-radio__wrapper\\"><label class=\\"ui-radio__wrapper__option\\"><input name=\\"test\\" type=\\"radio\\" tabindex=\\"-1\\" class=\\"ui-radio__wrapper__option__radio\\" value=\\"option1\\"> <span classname=\\"ui-radio__wrapper__option__label\\">Option 1</span></label><label class=\\"ui-radio__wrapper__option\\"><input name=\\"test\\" type=\\"radio\\" tabindex=\\"-1\\" class=\\"ui-radio__wrapper__option__radio\\" value=\\"option2\\"> <span classname=\\"ui-radio__wrapper__option__label\\">Option 2</span></label><label class=\\"ui-radio__wrapper__option\\"><input name=\\"test\\" type=\\"radio\\" tabindex=\\"-1\\" class=\\"ui-radio__wrapper__option__radio\\" value=\\"option3\\"> <span classname=\\"ui-radio__wrapper__option__label\\">Option 3</span></label><label class=\\"ui-radio__wrapper__option\\"><input name=\\"test\\" type=\\"radio\\" tabindex=\\"-1\\" class=\\"ui-radio__wrapper__option__radio\\" value=\\"option4\\"> <span classname=\\"ui-radio__wrapper__option__label\\">Option 4</span></label></div>
  <!---->
</div>"
`;

exports[`vue/UIRadio renders correctly - with helper 1`] = `
"<div class=\\"ui-radio\\">
  <!---->
  <div class=\\"ui-radio__wrapper\\"><label class=\\"ui-radio__wrapper__option\\"><input name=\\"test\\" type=\\"radio\\" tabindex=\\"0\\" class=\\"ui-radio__wrapper__option__radio\\" value=\\"option1\\"> <span classname=\\"ui-radio__wrapper__option__label\\">Option 1</span></label><label class=\\"ui-radio__wrapper__option\\"><input name=\\"test\\" type=\\"radio\\" tabindex=\\"0\\" class=\\"ui-radio__wrapper__option__radio\\" value=\\"option2\\"> <span classname=\\"ui-radio__wrapper__option__label\\">Option 2</span></label><label class=\\"ui-radio__wrapper__option\\"><input name=\\"test\\" type=\\"radio\\" tabindex=\\"0\\" class=\\"ui-radio__wrapper__option__radio\\" value=\\"option3\\"> <span classname=\\"ui-radio__wrapper__option__label\\">Option 3</span></label><label class=\\"ui-radio__wrapper__option\\"><input name=\\"test\\" type=\\"radio\\" tabindex=\\"0\\" class=\\"ui-radio__wrapper__option__radio\\" value=\\"option4\\"> <span classname=\\"ui-radio__wrapper__option__label\\">Option 4</span></label></div> <span classname=\\"ui-radio__wrapper__helper\\">test</span>
</div>"
`;

exports[`vue/UIRadio renders correctly - with id 1`] = `
"<div id=\\"test\\" class=\\"ui-radio\\">
  <!---->
  <div class=\\"ui-radio__wrapper\\"><label class=\\"ui-radio__wrapper__option\\"><input name=\\"test\\" type=\\"radio\\" tabindex=\\"0\\" class=\\"ui-radio__wrapper__option__radio\\" value=\\"option1\\"> <span classname=\\"ui-radio__wrapper__option__label\\">Option 1</span></label><label class=\\"ui-radio__wrapper__option\\"><input name=\\"test\\" type=\\"radio\\" tabindex=\\"0\\" class=\\"ui-radio__wrapper__option__radio\\" value=\\"option2\\"> <span classname=\\"ui-radio__wrapper__option__label\\">Option 2</span></label><label class=\\"ui-radio__wrapper__option\\"><input name=\\"test\\" type=\\"radio\\" tabindex=\\"0\\" class=\\"ui-radio__wrapper__option__radio\\" value=\\"option3\\"> <span classname=\\"ui-radio__wrapper__option__label\\">Option 3</span></label><label class=\\"ui-radio__wrapper__option\\"><input name=\\"test\\" type=\\"radio\\" tabindex=\\"0\\" class=\\"ui-radio__wrapper__option__radio\\" value=\\"option4\\"> <span classname=\\"ui-radio__wrapper__option__label\\">Option 4</span></label></div>
  <!---->
</div>"
`;

exports[`vue/UIRadio renders correctly - with label 1`] = `
"<div class=\\"ui-radio\\"><label for=\\"z8a8d7a5zad4\\" class=\\"ui-radio__label\\">test</label>
  <div class=\\"ui-radio__wrapper\\"><label class=\\"ui-radio__wrapper__option\\"><input name=\\"test\\" type=\\"radio\\" tabindex=\\"0\\" class=\\"ui-radio__wrapper__option__radio\\" value=\\"option1\\"> <span classname=\\"ui-radio__wrapper__option__label\\">Option 1</span></label><label class=\\"ui-radio__wrapper__option\\"><input name=\\"test\\" type=\\"radio\\" tabindex=\\"0\\" class=\\"ui-radio__wrapper__option__radio\\" value=\\"option2\\"> <span classname=\\"ui-radio__wrapper__option__label\\">Option 2</span></label><label class=\\"ui-radio__wrapper__option\\"><input name=\\"test\\" type=\\"radio\\" tabindex=\\"0\\" class=\\"ui-radio__wrapper__option__radio\\" value=\\"option3\\"> <span classname=\\"ui-radio__wrapper__option__label\\">Option 3</span></label><label class=\\"ui-radio__wrapper__option\\"><input name=\\"test\\" type=\\"radio\\" tabindex=\\"0\\" class=\\"ui-radio__wrapper__option__radio\\" value=\\"option4\\"> <span classname=\\"ui-radio__wrapper__option__label\\">Option 4</span></label></div>
  <!---->
</div>"
`;

exports[`vue/UIRadio renders correctly - with listeners 1`] = `
"<div class=\\"ui-radio\\">
  <!---->
  <div class=\\"ui-radio__wrapper\\"><label class=\\"ui-radio__wrapper__option\\"><input name=\\"test\\" type=\\"radio\\" tabindex=\\"0\\" class=\\"ui-radio__wrapper__option__radio\\" value=\\"option1\\"> <span classname=\\"ui-radio__wrapper__option__label\\">Option 1</span></label><label class=\\"ui-radio__wrapper__option ui-radio__wrapper__option--checked\\"><input name=\\"test\\" type=\\"radio\\" tabindex=\\"0\\" class=\\"ui-radio__wrapper__option__radio\\" value=\\"option2\\"> <span classname=\\"ui-radio__wrapper__option__label\\">Option 2</span></label><label class=\\"ui-radio__wrapper__option\\"><input name=\\"test\\" type=\\"radio\\" tabindex=\\"0\\" class=\\"ui-radio__wrapper__option__radio\\" value=\\"option3\\"> <span classname=\\"ui-radio__wrapper__option__label\\">Option 3</span></label><label class=\\"ui-radio__wrapper__option\\"><input name=\\"test\\" type=\\"radio\\" tabindex=\\"0\\" class=\\"ui-radio__wrapper__option__radio\\" value=\\"option4\\"> <span classname=\\"ui-radio__wrapper__option__label\\">Option 4</span></label></div>
  <!---->
</div>"
`;

exports[`vue/UIRadio renders correctly - with option disabled 1`] = `
"<div class=\\"ui-radio ui-radio--disabled\\" onchange=\\"function () {
        return fn.apply(this, arguments);
      }\\">
  <!---->
  <div class=\\"ui-radio__wrapper\\"><label class=\\"ui-radio__wrapper__option ui-radio__wrapper__option--disabled\\"><input name=\\"test\\" type=\\"radio\\" disabled=\\"disabled\\" tabindex=\\"-1\\" class=\\"ui-radio__wrapper__option__radio\\" value=\\"option5\\"> <span classname=\\"ui-radio__wrapper__option__label\\">Option 5</span></label></div>
  <!---->
</div>"
`;

exports[`vue/UIRadio renders correctly - with value 1`] = `
"<div class=\\"ui-radio\\">
  <!---->
  <div class=\\"ui-radio__wrapper\\"><label class=\\"ui-radio__wrapper__option ui-radio__wrapper__option--checked\\"><input name=\\"test\\" type=\\"radio\\" tabindex=\\"0\\" class=\\"ui-radio__wrapper__option__radio\\" value=\\"option1\\"> <span classname=\\"ui-radio__wrapper__option__label\\">Option 1</span></label><label class=\\"ui-radio__wrapper__option\\"><input name=\\"test\\" type=\\"radio\\" tabindex=\\"0\\" class=\\"ui-radio__wrapper__option__radio\\" value=\\"option2\\"> <span classname=\\"ui-radio__wrapper__option__label\\">Option 2</span></label><label class=\\"ui-radio__wrapper__option\\"><input name=\\"test\\" type=\\"radio\\" tabindex=\\"0\\" class=\\"ui-radio__wrapper__option__radio\\" value=\\"option3\\"> <span classname=\\"ui-radio__wrapper__option__label\\">Option 3</span></label><label class=\\"ui-radio__wrapper__option\\"><input name=\\"test\\" type=\\"radio\\" tabindex=\\"0\\" class=\\"ui-radio__wrapper__option__radio\\" value=\\"option4\\"> <span classname=\\"ui-radio__wrapper__option__label\\">Option 4</span></label></div>
  <!---->
</div>"
`;
