// Jest Snapshot v1, https://goo.gl/fbAQLP

exports[`vue/UITitle renders correctly - basic 1`] = `"<h1 class=\\"ui-title ui-title--large--1\\"></h1>"`;

exports[`vue/UITitle renders correctly - modifier different than level 1`] = `"<h1 class=\\"ui-title ui-title--5--large\\">Test</h1>"`;

exports[`vue/UITitle renders correctly - with id 1`] = `"<h1 id=\\"test\\" class=\\"ui-title ui-title--1\\">Test</h1>"`;

exports[`vue/UITitle renders correctly - with itemprop 1`] = `"<h1 itemprop=\\"name\\" class=\\"ui-title ui-title--1\\"><span class=\\"ui-markdown--emphasis\\">Test</span></h1>"`;
